// Jest Snapshot v1, https://goo.gl/fbAQLP

exports[`Component: <Heading /> should render correctly 1`] = `
<h1
  className=""
/>
`;
