// Jest Snapshot v1, https://goo.gl/fbAQLP

exports[`Component: <Tag /> should render correctly 1`] = `undefined`;
