// Jest Snapshot v1, https://goo.gl/fbAQLP

exports[`Component: <Text /> should render correctly 1`] = `
<p
  className=""
/>
`;
